I'm sorry, but errors were detected in your script. Please correct the
errors listed below, and try again.


File "game/chapter1.rpy", line 487: end of line expected.
    k "(eh yo, kayaknya tuh osis dendam deh ama kita)"sdw
                                                      ^

Ren'Py Version: Ren'Py 8.5.3.26051504
Sun Jul  5 13:54:36 2026
